   1               		.file	"arduino_power.c"
   2               	__SREG__ = 0x3f
   3               	__SP_H__ = 0x3e
   4               	__SP_L__ = 0x3d
   5               	__CCP__  = 0x34
   6               	__tmp_reg__ = 0
   7               	__zero_reg__ = 1
   8               		.global __do_copy_data
   9               		.global __do_clear_bss
  19               	.Ltext0:
 4032               	.global	hal_power_init
 4034               	hal_power_init:
 4035               	.LFB45:
 4036               	.LM1:
 4037               	/* prologue: function */
 4038               	/* frame size = 0 */
 4039               	.LM2:
 4040 0000 1092 0000 		sts _hal_power,__zero_reg__
 4041               	/* epilogue start */
 4042               	.LM3:
 4043 0004 0895      		ret
 4044               	.LFE45:
 4046               	.global	hal_power_batteryCheck
 4048               	hal_power_batteryCheck:
 4049               	.LFB46:
 4050               	.LM4:
 4051               	/* prologue: function */
 4052               	/* frame size = 0 */
 4053               	/* epilogue start */
 4054               	.LM5:
 4055 0006 0895      		ret
 4056               	.LFE46:
 4058               	.global	hal_power_EM1
 4060               	hal_power_EM1:
 4061               	.LFB47:
 4062               	.LM6:
 4063               	/* prologue: function */
 4064               	/* frame size = 0 */
 4065               	.LM7:
 4066 0008 83B7      		in r24,83-32
 4067 000a 817F      		andi r24,lo8(-15)
 4068 000c 83BF      		out 83-32,r24
 4069               	.LBB4:
 4070               	.LBB5:
 4071               	.LM8:
 4072 000e 83B7      		in r24,83-32
 4073 0010 8160      		ori r24,lo8(1)
 4074 0012 83BF      		out 83-32,r24
 4075               	.LM9:
 4076               	/* #APP */
 4077               	 ;  48 "../src/hal/arduino/arduino_power.c" 1
 4078 0014 7894      		sei
 4079               	 ;  0 "" 2
 4080               	.LM10:
 4081               	 ;  49 "../src/hal/arduino/arduino_power.c" 1
 4082 0016 8895      		sleep
 4083               		
 4084               	 ;  0 "" 2
 4085               	.LM11:
 4086               	/* #NOAPP */
 4087 0018 83B7      		in r24,83-32
 4088 001a 8E7F      		andi r24,lo8(-2)
 4089 001c 83BF      		out 83-32,r24
 4090               	/* epilogue start */
 4091               	.LBE5:
 4092               	.LBE4:
 4093               	.LM12:
 4094 001e 0895      		ret
 4095               	.LFE47:
 4097               	.global	hal_power_EM2
 4099               	hal_power_EM2:
 4100               	.LFB48:
 4101               	.LM13:
 4102               	/* prologue: function */
 4103               	/* frame size = 0 */
 4104               	/* epilogue start */
 4105               	.LM14:
 4106 0020 0895      		ret
 4107               	.LFE48:
 4109               	.global	hal_power_EM3
 4111               	hal_power_EM3:
 4112               	.LFB49:
 4113               	.LM15:
 4114               	/* prologue: function */
 4115               	/* frame size = 0 */
 4116               	/* epilogue start */
 4117               	.LM16:
 4118 0022 0895      		ret
 4119               	.LFE49:
 4121               		.comm _hal_power,3,1
 4178               	.Letext0:
DEFINED SYMBOLS
                            *ABS*:00000000 arduino_power.c
C:\Users\mribeiro\AppData\Local\Temp/ccaU8wOl.s:2      *ABS*:0000003f __SREG__
C:\Users\mribeiro\AppData\Local\Temp/ccaU8wOl.s:3      *ABS*:0000003e __SP_H__
C:\Users\mribeiro\AppData\Local\Temp/ccaU8wOl.s:4      *ABS*:0000003d __SP_L__
C:\Users\mribeiro\AppData\Local\Temp/ccaU8wOl.s:5      *ABS*:00000034 __CCP__
C:\Users\mribeiro\AppData\Local\Temp/ccaU8wOl.s:6      *ABS*:00000000 __tmp_reg__
C:\Users\mribeiro\AppData\Local\Temp/ccaU8wOl.s:7      *ABS*:00000001 __zero_reg__
C:\Users\mribeiro\AppData\Local\Temp/ccaU8wOl.s:4034   .text:00000000 hal_power_init
                            *COM*:00000003 _hal_power
C:\Users\mribeiro\AppData\Local\Temp/ccaU8wOl.s:4048   .text:00000006 hal_power_batteryCheck
C:\Users\mribeiro\AppData\Local\Temp/ccaU8wOl.s:4060   .text:00000008 hal_power_EM1
C:\Users\mribeiro\AppData\Local\Temp/ccaU8wOl.s:4099   .text:00000020 hal_power_EM2
C:\Users\mribeiro\AppData\Local\Temp/ccaU8wOl.s:4111   .text:00000022 hal_power_EM3

UNDEFINED SYMBOLS
__do_copy_data
__do_clear_bss
