   1               		.file	"hal.c"
   2               	__SREG__ = 0x3f
   3               	__SP_H__ = 0x3e
   4               	__SP_L__ = 0x3d
   5               	__CCP__  = 0x34
   6               	__tmp_reg__ = 0
   7               	__zero_reg__ = 1
   8               		.global __do_copy_data
   9               		.global __do_clear_bss
  19               	.Ltext0:
 3981               	.global	hal_init
 3983               	hal_init:
 3984               	.LFB46:
 3985               	.LM1:
 3986               	/* prologue: function */
 3987               	/* frame size = 0 */
 3988               	.LBB4:
 3989               	.LBB5:
 3990               	.LM2:
 3991               	/* #APP */
 3992               	 ;  16 "../src/hal/arduino/hal_mcu.h" 1
 3993 0000 7894      		sei
 3994               	 ;  0 "" 2
 3995               	/* #NOAPP */
 3996               	.LBE5:
 3997               	.LBE4:
 3998               	.LM3:
 3999 0002 0E94 0000 		call hal_clock_init
 4000               	.LM4:
 4001 0006 0E94 0000 		call hal_gpio_init
 4002               	.LM5:
 4003 000a 0E94 0000 		call hal_timer_init
 4004               	.LM6:
 4005 000e 0E94 0000 		call hal_uart_init
 4006               	/* epilogue start */
 4007               	.LM7:
 4008 0012 0895      		ret
 4009               	.LFE46:
 4035               	.Letext0:
DEFINED SYMBOLS
                            *ABS*:00000000 hal.c
C:\Users\mribeiro\AppData\Local\Temp/ccdl6NAb.s:2      *ABS*:0000003f __SREG__
C:\Users\mribeiro\AppData\Local\Temp/ccdl6NAb.s:3      *ABS*:0000003e __SP_H__
C:\Users\mribeiro\AppData\Local\Temp/ccdl6NAb.s:4      *ABS*:0000003d __SP_L__
C:\Users\mribeiro\AppData\Local\Temp/ccdl6NAb.s:5      *ABS*:00000034 __CCP__
C:\Users\mribeiro\AppData\Local\Temp/ccdl6NAb.s:6      *ABS*:00000000 __tmp_reg__
C:\Users\mribeiro\AppData\Local\Temp/ccdl6NAb.s:7      *ABS*:00000001 __zero_reg__
C:\Users\mribeiro\AppData\Local\Temp/ccdl6NAb.s:3983   .text:00000000 hal_init

UNDEFINED SYMBOLS
__do_copy_data
__do_clear_bss
hal_clock_init
hal_gpio_init
hal_timer_init
hal_uart_init
