   1               		.file	"qk_debug.c"
   2               	__SREG__ = 0x3f
   3               	__SP_H__ = 0x3e
   4               	__SP_L__ = 0x3d
   5               	__CCP__  = 0x34
   6               	__tmp_reg__ = 0
   7               	__zero_reg__ = 1
   8               		.global __do_copy_data
   9               		.global __do_clear_bss
  19               	.Ltext0:
 1237               	.global	_qk_debug_sendString
 1239               	_qk_debug_sendString:
 1240               	.LFB46:
 1241               	.LM1:
 1242               	/* prologue: function */
 1243               	/* frame size = 0 */
 1244               	.LM2:
 1245 0000 80E0      		ldi r24,lo8(_qk_debug_str)
 1246 0002 90E0      		ldi r25,hi8(_qk_debug_str)
 1247 0004 60E0      		ldi r22,lo8(_qk_comm)
 1248 0006 70E0      		ldi r23,hi8(_qk_comm)
 1249 0008 0E94 0000 		call _qk_comm_sendString
 1250               	/* epilogue start */
 1251               	.LM3:
 1252 000c 0895      		ret
 1253               	.LFE46:
 1255               	.global	_qk_debug
 1257               	_qk_debug:
 1258               	.LFB45:
 1259               	.LM4:
 1260               	.LVL0:
 1261 000e DF93      		push r29
 1262 0010 CF93      		push r28
 1263 0012 CDB7      		in r28,__SP_L__
 1264 0014 DEB7      		in r29,__SP_H__
 1265               	/* prologue: function */
 1266               	/* frame size = 0 */
 1267               	.LM5:
 1268 0016 8D81      		ldd r24,Y+5
 1269 0018 9E81      		ldd r25,Y+6
 1270 001a 60E0      		ldi r22,lo8(_qk_comm)
 1271 001c 70E0      		ldi r23,hi8(_qk_comm)
 1272 001e 0E94 0000 		call _qk_comm_sendString
 1273               	/* epilogue start */
 1274               	.LM6:
 1275 0022 CF91      		pop r28
 1276 0024 DF91      		pop r29
 1277 0026 0895      		ret
 1278               	.LFE45:
 1280               		.comm _qk_debug_str,100,1
 1313               	.Letext0:
DEFINED SYMBOLS
                            *ABS*:00000000 qk_debug.c
C:\Users\mribeiro\AppData\Local\Temp/ccc2YUD5.s:2      *ABS*:0000003f __SREG__
C:\Users\mribeiro\AppData\Local\Temp/ccc2YUD5.s:3      *ABS*:0000003e __SP_H__
C:\Users\mribeiro\AppData\Local\Temp/ccc2YUD5.s:4      *ABS*:0000003d __SP_L__
C:\Users\mribeiro\AppData\Local\Temp/ccc2YUD5.s:5      *ABS*:00000034 __CCP__
C:\Users\mribeiro\AppData\Local\Temp/ccc2YUD5.s:6      *ABS*:00000000 __tmp_reg__
C:\Users\mribeiro\AppData\Local\Temp/ccc2YUD5.s:7      *ABS*:00000001 __zero_reg__
C:\Users\mribeiro\AppData\Local\Temp/ccc2YUD5.s:1239   .text:00000000 _qk_debug_sendString
                            *COM*:00000064 _qk_debug_str
C:\Users\mribeiro\AppData\Local\Temp/ccc2YUD5.s:1257   .text:0000000e _qk_debug

UNDEFINED SYMBOLS
__do_copy_data
__do_clear_bss
_qk_comm
_qk_comm_sendString
