   1               		.file	"qk_program.c"
   2               	__SREG__ = 0x3f
   3               	__SP_H__ = 0x3e
   4               	__SP_L__ = 0x3d
   5               	__CCP__  = 0x34
   6               	__tmp_reg__ = 0
   7               	__zero_reg__ = 1
   8               		.global __do_copy_data
   9               		.global __do_clear_bss
  19               	.Ltext0:
 1177               	.global	qk_main
 1179               	qk_main:
 1180               	.LFB45:
 1181               	.LM1:
 1182               	/* prologue: function */
 1183               	/* frame size = 0 */
 1184               	.LM2:
 1185 0000 0E94 0000 		call hal_init
 1186               	.LM3:
 1187 0004 81E0      		ldi r24,lo8(1)
 1188 0006 62E3      		ldi r22,lo8(50)
 1189 0008 70E0      		ldi r23,hi8(50)
 1190 000a 0E94 0000 		call _blinkLED
 1191               	.LM4:
 1192 000e 0E94 0000 		call qk_core_init
 1193               	.LM5:
 1194 0012 0E94 0000 		call qk_board_init
 1195               	.LM6:
 1196 0016 81E0      		ldi r24,lo8(1)
 1197 0018 62E3      		ldi r22,lo8(50)
 1198 001a 70E0      		ldi r23,hi8(50)
 1199 001c 0E94 0000 		call _blinkLED
 1200               	.LM7:
 1201 0020 0E94 0000 		call qk_setup
 1202               	.LM8:
 1203 0024 0E94 0000 		call qk_board_setup
 1204               	.LM9:
 1205 0028 82E0      		ldi r24,lo8(2)
 1206 002a 64E6      		ldi r22,lo8(100)
 1207 002c 70E0      		ldi r23,hi8(100)
 1208 002e 0E94 0000 		call _blinkLED
 1209               	.LM10:
 1210 0032 0E94 0000 		call qk_loop
 1211               	.LM11:
 1212 0036 80E0      		ldi r24,lo8(0)
 1213 0038 90E0      		ldi r25,hi8(0)
 1214               	/* epilogue start */
 1215 003a 0895      		ret
 1216               	.LFE45:
 1242               	.Letext0:
DEFINED SYMBOLS
                            *ABS*:00000000 qk_program.c
C:\Users\mribeiro\AppData\Local\Temp/cctKheJl.s:2      *ABS*:0000003f __SREG__
C:\Users\mribeiro\AppData\Local\Temp/cctKheJl.s:3      *ABS*:0000003e __SP_H__
C:\Users\mribeiro\AppData\Local\Temp/cctKheJl.s:4      *ABS*:0000003d __SP_L__
C:\Users\mribeiro\AppData\Local\Temp/cctKheJl.s:5      *ABS*:00000034 __CCP__
C:\Users\mribeiro\AppData\Local\Temp/cctKheJl.s:6      *ABS*:00000000 __tmp_reg__
C:\Users\mribeiro\AppData\Local\Temp/cctKheJl.s:7      *ABS*:00000001 __zero_reg__
C:\Users\mribeiro\AppData\Local\Temp/cctKheJl.s:1179   .text:00000000 qk_main

UNDEFINED SYMBOLS
__do_copy_data
__do_clear_bss
hal_init
_blinkLED
qk_core_init
qk_board_init
qk_setup
qk_board_setup
qk_loop
